###############################################################################
#
# IAR ELF Linker V8.22.1.15669/W32 for ARM                16/Oct/2023  20:29:41
# Copyright 2007-2018 IAR Systems AB.
#
#    Output file  =  C:\project_test\Debug\Exe\test.out
#    Map file     =  C:\project_test\Debug\List\test.map
#    Command line =  
#        -f C:\Users\pnu10\AppData\Local\Temp\EWD668.tmp
#        (C:\project_test\Debug\Obj\core_cm3.o C:\project_test\Debug\Obj\main.o
#        C:\project_test\Debug\Obj\misc.o
#        C:\project_test\Debug\Obj\startup_stm32f10x_cl.o
#        C:\project_test\Debug\Obj\stm32f10x_adc.o
#        C:\project_test\Debug\Obj\stm32f10x_bkp.o
#        C:\project_test\Debug\Obj\stm32f10x_can.o
#        C:\project_test\Debug\Obj\stm32f10x_cec.o
#        C:\project_test\Debug\Obj\stm32f10x_crc.o
#        C:\project_test\Debug\Obj\stm32f10x_dac.o
#        C:\project_test\Debug\Obj\stm32f10x_dbgmcu.o
#        C:\project_test\Debug\Obj\stm32f10x_dma.o
#        C:\project_test\Debug\Obj\stm32f10x_exti.o
#        C:\project_test\Debug\Obj\stm32f10x_flash.o
#        C:\project_test\Debug\Obj\stm32f10x_fsmc.o
#        C:\project_test\Debug\Obj\stm32f10x_gpio.o
#        C:\project_test\Debug\Obj\stm32f10x_i2c.o
#        C:\project_test\Debug\Obj\stm32f10x_it.o
#        C:\project_test\Debug\Obj\stm32f10x_iwdg.o
#        C:\project_test\Debug\Obj\stm32f10x_pwr.o
#        C:\project_test\Debug\Obj\stm32f10x_rcc.o
#        C:\project_test\Debug\Obj\stm32f10x_rtc.o
#        C:\project_test\Debug\Obj\stm32f10x_sdio.o
#        C:\project_test\Debug\Obj\stm32f10x_spi.o
#        C:\project_test\Debug\Obj\stm32f10x_tim.o
#        C:\project_test\Debug\Obj\stm32f10x_usart.o
#        C:\project_test\Debug\Obj\stm32f10x_wwdg.o
#        C:\project_test\Debug\Obj\system_stm32f10x.o -o
#        C:\project_test\Debug\Exe\test.out --map
#        C:\project_test\Debug\List\test.map --log
#        libraries,initialization,modules,redirects,sections,veneers,unused_fragments,call_graph
#        --log_file C:\project_test\Debug\List\test.log --config "C:\Program
#        Files (x86)\IAR Systems\Embedded Workbench
#        8.0\arm\config\linker\ST\stm32f107xC.icf" --semihosting --entry
#        __iar_program_start --vfe --text_out locale)
#
###############################################################################

*******************************************************************************
*** RUNTIME MODEL ATTRIBUTES
***

CppFlavor       = *
__SystemLibrary = DLib
__dlib_version  = 6


*******************************************************************************
*** HEAP SELECTION
***

The basic heap was selected because some modules are built with
size limitations (and not runtime checking), and --advanced_heap
was not specified.


*******************************************************************************
*** PLACEMENT SUMMARY
***

"A0":  place at 0x08000000 { ro section .intvec };
"P1":  place in [from 0x08000000 to 0x0803ffff] { ro };
define block CSTACK with size = 4K, alignment = 8 { };
define block HEAP with size = 4K, alignment = 8 { };
"P2":  place in [from 0x20000000 to 0x2000ffff] {
          rw, block CSTACK, block HEAP };
initialize by copy { rw };

  Section            Kind        Address    Size  Object
  -------            ----        -------    ----  ------
"A0":                                      0x150
  .intvec            ro code  0x08000000   0x150  startup_stm32f10x_cl.o [1]
                            - 0x08000150   0x150

"P1":                                      0xd78
  .text              ro code  0x08000150   0x44c  main.o [1]
  .text              ro code  0x0800059c   0x144  stm32f10x_rcc.o [1]
  .text              ro code  0x080006e0   0x140  stm32f10x_gpio.o [1]
  .text              ro code  0x08000820    0xc0  stm32f10x_exti.o [1]
  .text              ro code  0x080008e0   0x1a4  stm32f10x_usart.o [1]
  .text              ro code  0x08000a84    0x80  misc.o [1]
  .text              ro code  0x08000b04   0x1a4  system_stm32f10x.o [1]
  .text              ro code  0x08000ca8    0x2c  copy_init3.o [4]
  .text              ro code  0x08000cd4    0x28  data_init.o [4]
  .iar.init_table    const    0x08000cfc    0x14  - Linker created -
  .text              ro code  0x08000d10    0x1e  cmain.o [4]
  .text              ro code  0x08000d2e     0x4  low_level_init.o [3]
  .text              ro code  0x08000d32     0x4  exit.o [3]
  .text              ro code  0x08000d38     0xa  cexit.o [4]
  .text              ro code  0x08000d44    0x14  exit.o [5]
  Initializer bytes  const    0x08000d58    0x1c  <for P2-1>
  .text              ro code  0x08000d74    0x12  stm32f10x_it.o [1]
  .text              ro code  0x08000d88    0x10  startup_stm32f10x_cl.o [1]
  .rodata            const    0x08000d98     0xc  main.o [1]
  .text              ro code  0x08000da4     0xc  cstartup_M.o [4]
  .text              ro code  0x08000db0     0x4  startup_stm32f10x_cl.o [1]
  .text              ro code  0x08000db4     0x4  startup_stm32f10x_cl.o [1]
  .text              ro code  0x08000db8     0x4  startup_stm32f10x_cl.o [1]
  .text              ro code  0x08000dbc     0x4  startup_stm32f10x_cl.o [1]
  .text              ro code  0x08000dc0     0x4  startup_stm32f10x_cl.o [1]
  .text              ro code  0x08000dc4     0x4  startup_stm32f10x_cl.o [1]
  .text              ro code  0x08000dc8     0x4  startup_stm32f10x_cl.o [1]
  .text              ro code  0x08000dcc     0x4  startup_stm32f10x_cl.o [1]
  .text              ro code  0x08000dd0     0x4  startup_stm32f10x_cl.o [1]
  .text              ro code  0x08000dd4     0x4  startup_stm32f10x_cl.o [1]
  .text              ro code  0x08000dd8     0x4  startup_stm32f10x_cl.o [1]
  .text              ro code  0x08000ddc     0x4  startup_stm32f10x_cl.o [1]
  .text              ro code  0x08000de0     0x4  startup_stm32f10x_cl.o [1]
  .text              ro code  0x08000de4     0x4  startup_stm32f10x_cl.o [1]
  .text              ro code  0x08000de8     0x4  startup_stm32f10x_cl.o [1]
  .text              ro code  0x08000dec     0x4  startup_stm32f10x_cl.o [1]
  .text              ro code  0x08000df0     0x4  startup_stm32f10x_cl.o [1]
  .text              ro code  0x08000df4     0x4  startup_stm32f10x_cl.o [1]
  .text              ro code  0x08000df8     0x4  startup_stm32f10x_cl.o [1]
  .text              ro code  0x08000dfc     0x4  startup_stm32f10x_cl.o [1]
  .text              ro code  0x08000e00     0x4  startup_stm32f10x_cl.o [1]
  .text              ro code  0x08000e04     0x4  startup_stm32f10x_cl.o [1]
  .text              ro code  0x08000e08     0x4  startup_stm32f10x_cl.o [1]
  .text              ro code  0x08000e0c     0x4  startup_stm32f10x_cl.o [1]
  .text              ro code  0x08000e10     0x4  startup_stm32f10x_cl.o [1]
  .text              ro code  0x08000e14     0x4  startup_stm32f10x_cl.o [1]
  .text              ro code  0x08000e18     0x4  startup_stm32f10x_cl.o [1]
  .text              ro code  0x08000e1c     0x4  startup_stm32f10x_cl.o [1]
  .text              ro code  0x08000e20     0x4  startup_stm32f10x_cl.o [1]
  .text              ro code  0x08000e24     0x4  startup_stm32f10x_cl.o [1]
  .text              ro code  0x08000e28     0x4  startup_stm32f10x_cl.o [1]
  .text              ro code  0x08000e2c     0x4  startup_stm32f10x_cl.o [1]
  .text              ro code  0x08000e30     0x4  startup_stm32f10x_cl.o [1]
  .text              ro code  0x08000e34     0x4  startup_stm32f10x_cl.o [1]
  .text              ro code  0x08000e38     0x4  startup_stm32f10x_cl.o [1]
  .text              ro code  0x08000e3c     0x4  startup_stm32f10x_cl.o [1]
  .text              ro code  0x08000e40     0x4  startup_stm32f10x_cl.o [1]
  .text              ro code  0x08000e44     0x4  startup_stm32f10x_cl.o [1]
  .text              ro code  0x08000e48     0x4  startup_stm32f10x_cl.o [1]
  .text              ro code  0x08000e4c     0x4  startup_stm32f10x_cl.o [1]
  .text              ro code  0x08000e50     0x4  startup_stm32f10x_cl.o [1]
  .text              ro code  0x08000e54     0x4  startup_stm32f10x_cl.o [1]
  .text              ro code  0x08000e58     0x4  startup_stm32f10x_cl.o [1]
  .text              ro code  0x08000e5c     0x4  startup_stm32f10x_cl.o [1]
  .text              ro code  0x08000e60     0x4  startup_stm32f10x_cl.o [1]
  .text              ro code  0x08000e64     0x4  startup_stm32f10x_cl.o [1]
  .text              ro code  0x08000e68     0x4  startup_stm32f10x_cl.o [1]
  .text              ro code  0x08000e6c     0x4  startup_stm32f10x_cl.o [1]
  .text              ro code  0x08000e70     0x4  startup_stm32f10x_cl.o [1]
  .text              ro code  0x08000e74     0x4  startup_stm32f10x_cl.o [1]
  .text              ro code  0x08000e78     0x4  startup_stm32f10x_cl.o [1]
  .text              ro code  0x08000e7c     0x4  startup_stm32f10x_cl.o [1]
  .text              ro code  0x08000e80     0x4  startup_stm32f10x_cl.o [1]
  .text              ro code  0x08000e84     0x4  startup_stm32f10x_cl.o [1]
  .text              ro code  0x08000e88     0x4  startup_stm32f10x_cl.o [1]
  .text              ro code  0x08000e8c     0x4  startup_stm32f10x_cl.o [1]
  .text              ro code  0x08000e90     0x4  startup_stm32f10x_cl.o [1]
  .text              ro code  0x08000e94     0x4  startup_stm32f10x_cl.o [1]
  .text              ro code  0x08000e98     0x4  startup_stm32f10x_cl.o [1]
  .text              ro code  0x08000e9c     0x4  startup_stm32f10x_cl.o [1]
  .text              ro code  0x08000ea0     0x4  startup_stm32f10x_cl.o [1]
  .text              ro code  0x08000ea4     0x4  startup_stm32f10x_cl.o [1]
  .text              ro code  0x08000ea8     0x4  startup_stm32f10x_cl.o [1]
  .text              ro code  0x08000eac     0x4  startup_stm32f10x_cl.o [1]
  .text              ro code  0x08000eb0     0x4  startup_stm32f10x_cl.o [1]
  .text              ro code  0x08000eb4     0x4  startup_stm32f10x_cl.o [1]
  .text              ro code  0x08000eb8     0x4  startup_stm32f10x_cl.o [1]
  .text              ro code  0x08000ebc     0x4  startup_stm32f10x_cl.o [1]
  .text              ro code  0x08000ec0     0x4  startup_stm32f10x_cl.o [1]
  .text              ro code  0x08000ec4     0x4  startup_stm32f10x_cl.o [1]
  .rodata            const    0x08000ec8     0x0  copy_init3.o [4]
                            - 0x08000ec8   0xd78

"P2", part 1 of 2:                          0x1c
  P2-1                        0x20000000    0x1c  <Init block>
    .data            inited   0x20000000     0x4  main.o [1]
    .data            inited   0x20000004     0x4  main.o [1]
    .data            inited   0x20000008    0x10  stm32f10x_rcc.o [1]
    .data            inited   0x20000018     0x4  stm32f10x_rcc.o [1]
                            - 0x2000001c    0x1c

"P2", part 2 of 2:                        0x1000
  CSTACK                      0x20000020  0x1000  <Block>
    CSTACK           uninit   0x20000020  0x1000  <Block tail>
                            - 0x20001020  0x1000


*******************************************************************************
*** INIT TABLE
***

          Address     Size
          -------     ----
Copy (__iar_copy_init3)
    1 source range, total size 0x1c:
          0x08000d58  0x1c
    1 destination range, total size 0x1c:
          0x20000000  0x1c



*******************************************************************************
*** MODULE SUMMARY
***

    Module                  ro code  ro data  rw data
    ------                  -------  -------  -------
C:\project_test\Debug\Obj: [1]
    main.o                    1 100       20        8
    misc.o                      128
    startup_stm32f10x_cl.o      632
    stm32f10x_exti.o            192
    stm32f10x_gpio.o            320
    stm32f10x_it.o               18
    stm32f10x_rcc.o             324       20       20
    stm32f10x_usart.o           420
    system_stm32f10x.o          420
    -------------------------------------------------
    Total:                    3 554       40       28

command line: [2]
    -------------------------------------------------
    Total:

dl7M_tln.a: [3]
    exit.o                        4
    low_level_init.o              4
    -------------------------------------------------
    Total:                        8

rt7M_tl.a: [4]
    cexit.o                      10
    cmain.o                      30
    copy_init3.o                 44
    cstartup_M.o                 12
    data_init.o                  40
    -------------------------------------------------
    Total:                      136

shb_l.a: [5]
    exit.o                       20
    -------------------------------------------------
    Total:                       20

    Gaps                          6
    Linker created                        20    4 096
-----------------------------------------------------
    Grand Total:              3 724       60    4 124


*******************************************************************************
*** ENTRY LIST
***

Entry                      Address   Size  Type      Object
-----                      -------   ----  ----      ------
.iar.init_table$$Base   0x08000cfc          --   Gb  - Linker created -
.iar.init_table$$Limit  0x08000d10          --   Gb  - Linker created -
?main                   0x08000d11         Code  Gb  cmain.o [4]
ADCPrescTable           0x20000018    0x4  Data  Lc  stm32f10x_rcc.o [1]
APBAHBPrescTable        0x20000008   0x10  Data  Lc  stm32f10x_rcc.o [1]
BusFault_Handler        0x08000d7b    0x2  Code  Gb  stm32f10x_it.o [1]
CSTACK$$Base            0x20000020          --   Gb  - Linker created -
CSTACK$$Limit           0x20001020          --   Gb  - Linker created -
DebugMon_Handler        0x08000d81    0x2  Code  Gb  stm32f10x_it.o [1]
Delay                   0x08000457    0xe  Code  Gb  main.o [1]
EXTI15_10_IRQHandler    0x080003e7   0x70  Code  Gb  main.o [1]
EXTI4_IRQHandler        0x080003c1   0x26  Code  Gb  main.o [1]
EXTI_ClearITPendingBit  0x080008c5    0x6  Code  Gb  stm32f10x_exti.o [1]
EXTI_Configure          0x0800023d   0x74  Code  Gb  main.o [1]
EXTI_GetITStatus        0x080008a5   0x20  Code  Gb  stm32f10x_exti.o [1]
EXTI_Init               0x08000821   0x84  Code  Gb  stm32f10x_exti.o [1]
GPIO_Configure          0x080001a5   0x98  Code  Gb  main.o [1]
GPIO_EXTILineConfig     0x080007c5   0x56  Code  Gb  stm32f10x_gpio.o [1]
GPIO_Init               0x080006e1   0xc4  Code  Gb  stm32f10x_gpio.o [1]
GPIO_ReadInputDataBit   0x080007a5   0x14  Code  Gb  stm32f10x_gpio.o [1]
GPIO_ResetBits          0x080007bf    0x6  Code  Gb  stm32f10x_gpio.o [1]
GPIO_SetBits            0x080007b9    0x6  Code  Gb  stm32f10x_gpio.o [1]
HardFault_Handler       0x08000d77    0x2  Code  Gb  stm32f10x_it.o [1]
LED_Loop                0x08000465   0xd0  Code  Gb  main.o [1]
LED_mode                0x20000000    0x4  Data  Gb  main.o [1]
MemManage_Handler       0x08000d79    0x2  Code  Gb  stm32f10x_it.o [1]
NMI_Handler             0x08000d75    0x2  Code  Gb  stm32f10x_it.o [1]
NVIC_Configure          0x080002f7   0x8a  Code  Gb  main.o [1]
NVIC_Init               0x08000a8f   0x60  Code  Gb  misc.o [1]
NVIC_PriorityGroupConfig
                        0x08000a85    0xa  Code  Gb  misc.o [1]
PendSV_Handler          0x08000d83    0x2  Code  Gb  stm32f10x_it.o [1]
RCC_APB2PeriphClockCmd  0x080006a1   0x20  Code  Gb  stm32f10x_rcc.o [1]
RCC_Configure           0x0800016f   0x36  Code  Gb  main.o [1]
RCC_GetClocksFreq       0x0800059d  0x104  Code  Gb  stm32f10x_rcc.o [1]
Region$$Table$$Base     0x08000cfc          --   Gb  - Linker created -
Region$$Table$$Limit    0x08000d10          --   Gb  - Linker created -
SVC_Handler             0x08000d7f    0x2  Code  Gb  stm32f10x_it.o [1]
SetSysClock             0x08000b6b    0x8  Code  Lc  system_stm32f10x.o [1]
SetSysClockTo72         0x08000b73  0x110  Code  Lc  system_stm32f10x.o [1]
SysTick_Handler         0x08000d85    0x2  Code  Gb  stm32f10x_it.o [1]
SystemInit              0x08000b05   0x66  Code  Gb  system_stm32f10x.o [1]
USART1_IRQHandler       0x08000381   0x40  Code  Gb  main.o [1]
USART1_Init             0x080002b1   0x46  Code  Gb  main.o [1]
USART_ClearITPendingBit
                        0x08000a6f   0x16  Code  Gb  stm32f10x_usart.o [1]
USART_Cmd               0x0800099d   0x1c  Code  Gb  stm32f10x_usart.o [1]
USART_GetITStatus       0x08000a13   0x5c  Code  Gb  stm32f10x_usart.o [1]
USART_ITConfig          0x080009b9   0x4a  Code  Gb  stm32f10x_usart.o [1]
USART_Init              0x080008e1   0xb6  Code  Gb  stm32f10x_usart.o [1]
USART_ReceiveData       0x08000a0b    0x8  Code  Gb  stm32f10x_usart.o [1]
USART_SendData          0x08000a03    0x8  Code  Gb  stm32f10x_usart.o [1]
UsageFault_Handler      0x08000d7d    0x2  Code  Gb  stm32f10x_it.o [1]
__NVIC_EnableIRQ        0x08000151   0x1e  Code  Lc  main.o [1]
__cmain                 0x08000d11         Code  Gb  cmain.o [4]
__exit                  0x08000d45   0x14  Code  Gb  exit.o [5]
__iar_copy_init3        0x08000ca9   0x2c  Code  Gb  copy_init3.o [4]
__iar_data_init3        0x08000cd5   0x28  Code  Gb  data_init.o [4]
__iar_program_start     0x08000da5         Code  Gb  cstartup_M.o [4]
__iar_systems$$module {Abs}
                        0x00000001         Data  Gb  command line/config [2]
__low_level_init        0x08000d2f    0x4  Code  Gb  low_level_init.o [3]
__vector_table          0x08000000         Data  Gb  startup_stm32f10x_cl.o [1]
_call_main              0x08000d1d         Code  Gb  cmain.o [4]
_exit                   0x08000d39         Code  Gb  cexit.o [4]
_main                   0x08000d2b         Code  Gb  cmain.o [4]
exit                    0x08000d33    0x4  Code  Gb  exit.o [3]
main                    0x0800054b   0x28  Code  Gb  main.o [1]
now                     0x20000004    0x4  Data  Gb  main.o [1]
sendDataUART1           0x08000535   0x16  Code  Gb  main.o [1]


[1] = C:\project_test\Debug\Obj
[2] = command line
[3] = dl7M_tln.a
[4] = rt7M_tl.a
[5] = shb_l.a

  3 724 bytes of readonly  code memory
     60 bytes of readonly  data memory
  4 124 bytes of readwrite data memory

Errors: none
Warnings: none
