###############################################################################
#
# IAR ELF Linker V8.22.1.15669/W32 for ARM                20/Nov/2023  19:54:12
# Copyright 2007-2018 IAR Systems AB.
#
#    Output file  =  C:\Users\pnu10\Documents\project_test\Debug\Exe\test.out
#    Map file     =  C:\Users\pnu10\Documents\project_test\Debug\List\test.map
#    Command line =  
#        -f C:\Users\pnu10\AppData\Local\Temp\EW1C02.tmp
#        (C:\Users\pnu10\Documents\project_test\Debug\Obj\core_cm3.o
#        C:\Users\pnu10\Documents\project_test\Debug\Obj\lcd.o
#        C:\Users\pnu10\Documents\project_test\Debug\Obj\main.o
#        C:\Users\pnu10\Documents\project_test\Debug\Obj\misc.o
#        C:\Users\pnu10\Documents\project_test\Debug\Obj\startup_stm32f10x_cl.o
#        C:\Users\pnu10\Documents\project_test\Debug\Obj\stm32f10x_adc.o
#        C:\Users\pnu10\Documents\project_test\Debug\Obj\stm32f10x_bkp.o
#        C:\Users\pnu10\Documents\project_test\Debug\Obj\stm32f10x_can.o
#        C:\Users\pnu10\Documents\project_test\Debug\Obj\stm32f10x_cec.o
#        C:\Users\pnu10\Documents\project_test\Debug\Obj\stm32f10x_crc.o
#        C:\Users\pnu10\Documents\project_test\Debug\Obj\stm32f10x_dac.o
#        C:\Users\pnu10\Documents\project_test\Debug\Obj\stm32f10x_dbgmcu.o
#        C:\Users\pnu10\Documents\project_test\Debug\Obj\stm32f10x_dma.o
#        C:\Users\pnu10\Documents\project_test\Debug\Obj\stm32f10x_exti.o
#        C:\Users\pnu10\Documents\project_test\Debug\Obj\stm32f10x_flash.o
#        C:\Users\pnu10\Documents\project_test\Debug\Obj\stm32f10x_fsmc.o
#        C:\Users\pnu10\Documents\project_test\Debug\Obj\stm32f10x_gpio.o
#        C:\Users\pnu10\Documents\project_test\Debug\Obj\stm32f10x_i2c.o
#        C:\Users\pnu10\Documents\project_test\Debug\Obj\stm32f10x_it.o
#        C:\Users\pnu10\Documents\project_test\Debug\Obj\stm32f10x_iwdg.o
#        C:\Users\pnu10\Documents\project_test\Debug\Obj\stm32f10x_pwr.o
#        C:\Users\pnu10\Documents\project_test\Debug\Obj\stm32f10x_rcc.o
#        C:\Users\pnu10\Documents\project_test\Debug\Obj\stm32f10x_rtc.o
#        C:\Users\pnu10\Documents\project_test\Debug\Obj\stm32f10x_sdio.o
#        C:\Users\pnu10\Documents\project_test\Debug\Obj\stm32f10x_spi.o
#        C:\Users\pnu10\Documents\project_test\Debug\Obj\stm32f10x_tim.o
#        C:\Users\pnu10\Documents\project_test\Debug\Obj\stm32f10x_usart.o
#        C:\Users\pnu10\Documents\project_test\Debug\Obj\stm32f10x_wwdg.o
#        C:\Users\pnu10\Documents\project_test\Debug\Obj\system_stm32f10x.o
#        C:\Users\pnu10\Documents\project_test\Debug\Obj\touch.o -o
#        C:\Users\pnu10\Documents\project_test\Debug\Exe\test.out --map
#        C:\Users\pnu10\Documents\project_test\Debug\List\test.map --log
#        libraries,initialization,modules,redirects,sections,veneers,unused_fragments,call_graph
#        --log_file C:\Users\pnu10\Documents\project_test\Debug\List\test.log
#        --config "C:\Program Files (x86)\IAR Systems\Embedded Workbench
#        8.0\arm\config\linker\ST\stm32f107xC.icf" --semihosting --entry
#        __iar_program_start --vfe --text_out locale)
#
###############################################################################

*******************************************************************************
*** RUNTIME MODEL ATTRIBUTES
***

CppFlavor       = *
__SystemLibrary = DLib
__dlib_version  = 6


*******************************************************************************
*** HEAP SELECTION
***

The basic heap was selected because some modules are built with
size limitations (and not runtime checking), and --advanced_heap
was not specified.


*******************************************************************************
*** PLACEMENT SUMMARY
***

"A0":  place at 0x08000000 { ro section .intvec };
"P1":  place in [from 0x08000000 to 0x0803ffff] { ro };
define block CSTACK with size = 4K, alignment = 8 { };
define block HEAP with size = 4K, alignment = 8 { };
"P2":  place in [from 0x20000000 to 0x2000ffff] {
          rw, block CSTACK, block HEAP };

  Section          Kind        Address    Size  Object
  -------          ----        -------    ----  ------
"A0":                                    0x150
  .intvec          ro code  0x08000000   0x150  startup_stm32f10x_cl.o [1]
                          - 0x08000150   0x150

"P1":                                   0x1b34
  .text            ro code  0x08000150   0x808  lcd.o [1]
  .text            ro code  0x08000958    0xdc  stm32f10x_gpio.o [1]
  .text            ro code  0x08000a34    0x48  stm32f10x_rcc.o [1]
  .rodata          const    0x08000a7c   0x5f0  lcd.o [1]
  .rodata          const    0x0800106c   0x474  lcd.o [1]
  .text            ro code  0x080014e0   0x1a8  main.o [1]
  .text            ro code  0x08001688    0x58  stm32f10x_dma.o [1]
  .text            ro code  0x080016e0   0x1a0  stm32f10x_adc.o [1]
  .text            ro code  0x08001880   0x1a4  system_stm32f10x.o [1]
  .text            ro code  0x08001a24    0x58  touch.o [1]
  .text            ro code  0x08001a7c    0x40  zero_init3.o [5]
  .text            ro code  0x08001abc    0x28  data_init.o [5]
  .iar.init_table  const    0x08001ae4    0x10  - Linker created -
  .text            ro code  0x08001af4    0x1e  cmain.o [5]
  .text            ro code  0x08001b12     0x4  low_level_init.o [3]
  .text            ro code  0x08001b16     0x4  exit.o [3]
  .text            ro code  0x08001b1c     0xa  cexit.o [5]
  .text            ro code  0x08001b28    0x14  exit.o [6]
  .text            ro code  0x08001b3c    0x12  stm32f10x_it.o [1]
  .text            ro code  0x08001b50    0x10  startup_stm32f10x_cl.o [1]
  .text            ro code  0x08001b60     0xc  cstartup_M.o [5]
  .text            ro code  0x08001b6c     0x4  startup_stm32f10x_cl.o [1]
  .text            ro code  0x08001b70     0x4  startup_stm32f10x_cl.o [1]
  .text            ro code  0x08001b74     0x4  startup_stm32f10x_cl.o [1]
  .text            ro code  0x08001b78     0x4  startup_stm32f10x_cl.o [1]
  .text            ro code  0x08001b7c     0x4  startup_stm32f10x_cl.o [1]
  .text            ro code  0x08001b80     0x4  startup_stm32f10x_cl.o [1]
  .text            ro code  0x08001b84     0x4  startup_stm32f10x_cl.o [1]
  .text            ro code  0x08001b88     0x4  startup_stm32f10x_cl.o [1]
  .text            ro code  0x08001b8c     0x4  startup_stm32f10x_cl.o [1]
  .text            ro code  0x08001b90     0x4  startup_stm32f10x_cl.o [1]
  .text            ro code  0x08001b94     0x4  startup_stm32f10x_cl.o [1]
  .text            ro code  0x08001b98     0x4  startup_stm32f10x_cl.o [1]
  .text            ro code  0x08001b9c     0x4  startup_stm32f10x_cl.o [1]
  .text            ro code  0x08001ba0     0x4  startup_stm32f10x_cl.o [1]
  .text            ro code  0x08001ba4     0x4  startup_stm32f10x_cl.o [1]
  .text            ro code  0x08001ba8     0x4  startup_stm32f10x_cl.o [1]
  .text            ro code  0x08001bac     0x4  startup_stm32f10x_cl.o [1]
  .text            ro code  0x08001bb0     0x4  startup_stm32f10x_cl.o [1]
  .text            ro code  0x08001bb4     0x4  startup_stm32f10x_cl.o [1]
  .text            ro code  0x08001bb8     0x4  startup_stm32f10x_cl.o [1]
  .text            ro code  0x08001bbc     0x4  startup_stm32f10x_cl.o [1]
  .text            ro code  0x08001bc0     0x4  startup_stm32f10x_cl.o [1]
  .text            ro code  0x08001bc4     0x4  startup_stm32f10x_cl.o [1]
  .text            ro code  0x08001bc8     0x4  startup_stm32f10x_cl.o [1]
  .text            ro code  0x08001bcc     0x4  startup_stm32f10x_cl.o [1]
  .text            ro code  0x08001bd0     0x4  startup_stm32f10x_cl.o [1]
  .text            ro code  0x08001bd4     0x4  startup_stm32f10x_cl.o [1]
  .text            ro code  0x08001bd8     0x4  startup_stm32f10x_cl.o [1]
  .text            ro code  0x08001bdc     0x4  startup_stm32f10x_cl.o [1]
  .text            ro code  0x08001be0     0x4  startup_stm32f10x_cl.o [1]
  .text            ro code  0x08001be4     0x4  startup_stm32f10x_cl.o [1]
  .text            ro code  0x08001be8     0x4  startup_stm32f10x_cl.o [1]
  .text            ro code  0x08001bec     0x4  startup_stm32f10x_cl.o [1]
  .text            ro code  0x08001bf0     0x4  startup_stm32f10x_cl.o [1]
  .text            ro code  0x08001bf4     0x4  startup_stm32f10x_cl.o [1]
  .text            ro code  0x08001bf8     0x4  startup_stm32f10x_cl.o [1]
  .text            ro code  0x08001bfc     0x4  startup_stm32f10x_cl.o [1]
  .text            ro code  0x08001c00     0x4  startup_stm32f10x_cl.o [1]
  .text            ro code  0x08001c04     0x4  startup_stm32f10x_cl.o [1]
  .text            ro code  0x08001c08     0x4  startup_stm32f10x_cl.o [1]
  .text            ro code  0x08001c0c     0x4  startup_stm32f10x_cl.o [1]
  .text            ro code  0x08001c10     0x4  startup_stm32f10x_cl.o [1]
  .text            ro code  0x08001c14     0x4  startup_stm32f10x_cl.o [1]
  .text            ro code  0x08001c18     0x4  startup_stm32f10x_cl.o [1]
  .text            ro code  0x08001c1c     0x4  startup_stm32f10x_cl.o [1]
  .text            ro code  0x08001c20     0x4  startup_stm32f10x_cl.o [1]
  .text            ro code  0x08001c24     0x4  startup_stm32f10x_cl.o [1]
  .text            ro code  0x08001c28     0x4  startup_stm32f10x_cl.o [1]
  .text            ro code  0x08001c2c     0x4  startup_stm32f10x_cl.o [1]
  .text            ro code  0x08001c30     0x4  startup_stm32f10x_cl.o [1]
  .text            ro code  0x08001c34     0x4  startup_stm32f10x_cl.o [1]
  .text            ro code  0x08001c38     0x4  startup_stm32f10x_cl.o [1]
  .text            ro code  0x08001c3c     0x4  startup_stm32f10x_cl.o [1]
  .text            ro code  0x08001c40     0x4  startup_stm32f10x_cl.o [1]
  .text            ro code  0x08001c44     0x4  startup_stm32f10x_cl.o [1]
  .text            ro code  0x08001c48     0x4  startup_stm32f10x_cl.o [1]
  .text            ro code  0x08001c4c     0x4  startup_stm32f10x_cl.o [1]
  .text            ro code  0x08001c50     0x4  startup_stm32f10x_cl.o [1]
  .text            ro code  0x08001c54     0x4  startup_stm32f10x_cl.o [1]
  .text            ro code  0x08001c58     0x4  startup_stm32f10x_cl.o [1]
  .text            ro code  0x08001c5c     0x4  startup_stm32f10x_cl.o [1]
  .text            ro code  0x08001c60     0x4  startup_stm32f10x_cl.o [1]
  .text            ro code  0x08001c64     0x4  startup_stm32f10x_cl.o [1]
  .text            ro code  0x08001c68     0x4  startup_stm32f10x_cl.o [1]
  .text            ro code  0x08001c6c     0x4  startup_stm32f10x_cl.o [1]
  .text            ro code  0x08001c70     0x4  startup_stm32f10x_cl.o [1]
  .text            ro code  0x08001c74     0x4  startup_stm32f10x_cl.o [1]
  .text            ro code  0x08001c78     0x4  startup_stm32f10x_cl.o [1]
  .text            ro code  0x08001c7c     0x4  startup_stm32f10x_cl.o [1]
  .text            ro code  0x08001c80     0x4  startup_stm32f10x_cl.o [1]
  .rodata          const    0x08001c84     0x0  zero_init3.o [5]
                          - 0x08001c84  0x1b34

"P2", part 1 of 2:                         0x8
  .bss             zero     0x20000000     0x4  main.o [1]
  .bss             zero     0x20000004     0x2  lcd.o [1]
                          - 0x20000006     0x6

"P2", part 2 of 2:                      0x1000
  CSTACK                    0x20000008  0x1000  <Block>
    CSTACK         uninit   0x20000008  0x1000  <Block tail>
                          - 0x20001008  0x1000


*******************************************************************************
*** INIT TABLE
***

          Address     Size
          -------     ----
Zero (__iar_zero_init3)
    1 destination range, total size 0x6:
          0x20000000   0x6



*******************************************************************************
*** MODULE SUMMARY
***

    Module                  ro code  ro data  rw data
    ------                  -------  -------  -------
C:\Users\pnu10\Documents\project_test\Debug\Obj: [1]
    lcd.o                     2 056    2 660        2
    main.o                      424                 4
    startup_stm32f10x_cl.o      632
    stm32f10x_adc.o             416
    stm32f10x_dma.o              88
    stm32f10x_gpio.o            220
    stm32f10x_it.o               18
    stm32f10x_rcc.o              72
    system_stm32f10x.o          420
    touch.o                      88
    -------------------------------------------------
    Total:                    4 434    2 660        6

command line: [2]
    -------------------------------------------------
    Total:

dl7M_tln.a: [3]
    exit.o                        4
    low_level_init.o              4
    -------------------------------------------------
    Total:                        8

m7M_tl.a: [4]
    -------------------------------------------------
    Total:

rt7M_tl.a: [5]
    cexit.o                      10
    cmain.o                      30
    cstartup_M.o                 12
    data_init.o                  40
    zero_init3.o                 64
    -------------------------------------------------
    Total:                      156

shb_l.a: [6]
    exit.o                       20
    -------------------------------------------------
    Total:                       20

    Gaps                          6
    Linker created                        16    4 096
-----------------------------------------------------
    Grand Total:              4 624    2 676    4 102


*******************************************************************************
*** ENTRY LIST
***

Entry                      Address   Size  Type      Object
-----                      -------   ----  ----      ------
.iar.init_table$$Base   0x08001ae4          --   Gb  - Linker created -
.iar.init_table$$Limit  0x08001af4          --   Gb  - Linker created -
?main                   0x08001af5         Code  Gb  cmain.o [5]
ADC_Cmd                 0x0800172b   0x1a  Code  Gb  stm32f10x_adc.o [1]
ADC_Configure           0x0800156f   0x74  Code  Gb  main.o [1]
ADC_DMACmd              0x08001745   0x1a  Code  Gb  stm32f10x_adc.o [1]
ADC_GetCalibrationStatus
                        0x08001785   0x12  Code  Gb  stm32f10x_adc.o [1]
ADC_GetResetCalibrationStatus
                        0x08001769   0x12  Code  Gb  stm32f10x_adc.o [1]
ADC_Init                0x080016e1   0x4a  Code  Gb  stm32f10x_adc.o [1]
ADC_RegularChannelConfig
                        0x080017b1   0xc6  Code  Gb  stm32f10x_adc.o [1]
ADC_ResetCalibration    0x0800175f    0xa  Code  Gb  stm32f10x_adc.o [1]
ADC_SoftwareStartConvCmd
                        0x08001797   0x1a  Code  Gb  stm32f10x_adc.o [1]
ADC_StartCalibration    0x0800177b    0xa  Code  Gb  stm32f10x_adc.o [1]
ADC_Value               0x20000000    0x4  Data  Gb  main.o [1]
BusFault_Handler        0x08001b43    0x2  Code  Gb  stm32f10x_it.o [1]
CSTACK$$Base            0x20000008          --   Gb  - Linker created -
CSTACK$$Limit           0x20001008          --   Gb  - Linker created -
DMA_Cmd                 0x080016c5   0x1c  Code  Gb  stm32f10x_dma.o [1]
DMA_Configure           0x08001525   0x4a  Code  Gb  main.o [1]
DMA_Init                0x08001689   0x3c  Code  Gb  stm32f10x_dma.o [1]
DebugMon_Handler        0x08001b49    0x2  Code  Gb  stm32f10x_it.o [1]
DeviceCode              0x20000004    0x2  Data  Gb  lcd.o [1]
GPIO_Configure          0x08001507   0x1e  Code  Gb  main.o [1]
GPIO_Init               0x08000959   0xc4  Code  Gb  stm32f10x_gpio.o [1]
GPIO_ReadInputData      0x08000a1d    0x6  Code  Gb  stm32f10x_gpio.o [1]
GPIO_ResetBits          0x08000a29    0x6  Code  Gb  stm32f10x_gpio.o [1]
GPIO_SetBits            0x08000a23    0x6  Code  Gb  stm32f10x_gpio.o [1]
GPIO_Write              0x08000a2f    0x6  Code  Gb  stm32f10x_gpio.o [1]
HardFault_Handler       0x08001b3f    0x2  Code  Gb  stm32f10x_it.o [1]
LCD_Clear               0x080006af   0x28  Code  Gb  lcd.o [1]
LCD_Configuration       0x0800029b   0x9c  Code  Lc  lcd.o [1]
LCD_Delay               0x08000337   0x26  Code  Lc  lcd.o [1]
LCD_Init                0x08000375  0x33a  Code  Gb  lcd.o [1]
LCD_ReadReg             0x080001ed   0x90  Code  Lc  lcd.o [1]
LCD_SetCursor           0x080006d7   0x3e  Code  Gb  lcd.o [1]
LCD_ShowChar            0x08000755  0x100  Code  Gb  lcd.o [1]
LCD_ShowNum             0x08000855   0xe8  Code  Gb  lcd.o [1]
LCD_WR_DATA             0x0800019f   0x4e  Code  Lc  lcd.o [1]
LCD_WR_REG              0x08000151   0x4e  Code  Lc  lcd.o [1]
LCD_WindowMax           0x08000715   0x40  Code  Gb  lcd.o [1]
LCD_WriteRAM_Prepare    0x08000291    0xa  Code  Lc  lcd.o [1]
LCD_WriteReg            0x0800027d   0x14  Code  Lc  lcd.o [1]
MemManage_Handler       0x08001b41    0x2  Code  Gb  stm32f10x_it.o [1]
NMI_Handler             0x08001b3d    0x2  Code  Gb  stm32f10x_it.o [1]
PendSV_Handler          0x08001b4b    0x2  Code  Gb  stm32f10x_it.o [1]
RCC_AHBPeriphClockCmd   0x08000a35   0x20  Code  Gb  stm32f10x_rcc.o [1]
RCC_APB2PeriphClockCmd  0x08000a55   0x20  Code  Gb  stm32f10x_rcc.o [1]
RCC_Configure           0x080014e1   0x26  Code  Gb  main.o [1]
Region$$Table$$Base     0x08001ae4          --   Gb  - Linker created -
Region$$Table$$Limit    0x08001af4          --   Gb  - Linker created -
SVC_Handler             0x08001b47    0x2  Code  Gb  stm32f10x_it.o [1]
SetSysClock             0x080018e7    0x8  Code  Lc  system_stm32f10x.o [1]
SetSysClockTo72         0x080018ef  0x110  Code  Lc  system_stm32f10x.o [1]
SysTick_Handler         0x08001b4d    0x2  Code  Gb  stm32f10x_it.o [1]
SystemInit              0x08001881   0x66  Code  Gb  system_stm32f10x.o [1]
Touch_Configuration     0x08001a25   0x52  Code  Gb  touch.o [1]
UsageFault_Handler      0x08001b45    0x2  Code  Gb  stm32f10x_it.o [1]
__cmain                 0x08001af5         Code  Gb  cmain.o [5]
__exit                  0x08001b29   0x14  Code  Gb  exit.o [6]
__iar_data_init3        0x08001abd   0x28  Code  Gb  data_init.o [5]
__iar_program_start     0x08001b61         Code  Gb  cstartup_M.o [5]
__iar_systems$$module {Abs}
                        0x00000001         Data  Gb  command line/config [2]
__iar_zero_init3        0x08001a7d   0x40  Code  Gb  zero_init3.o [5]
__low_level_init        0x08001b13    0x4  Code  Gb  low_level_init.o [3]
__vector_table          0x08000000         Data  Gb  startup_stm32f10x_cl.o [1]
_call_main              0x08001b01         Code  Gb  cmain.o [5]
_exit                   0x08001b1d         Code  Gb  cexit.o [5]
_main                   0x08001b0f         Code  Gb  cmain.o [5]
asc2_1206               0x0800106c  0x474  Data  Gb  lcd.o [1]
asc2_1608               0x08000a7c  0x5f0  Data  Gb  lcd.o [1]
delay                   0x080015e3    0xe  Code  Gb  main.o [1]
exit                    0x08001b17    0x4  Code  Gb  exit.o [3]
main                    0x080015f1   0x7e  Code  Gb  main.o [1]
mypow                   0x0800035d   0x18  Code  Lc  lcd.o [1]


[1] = C:\Users\pnu10\Documents\project_test\Debug\Obj
[2] = command line
[3] = dl7M_tln.a
[4] = m7M_tl.a
[5] = rt7M_tl.a
[6] = shb_l.a

  4 624 bytes of readonly  code memory
  2 676 bytes of readonly  data memory
  4 102 bytes of readwrite data memory

Errors: none
Warnings: none
